<?xml version="1.0" encoding="UTF-8"?>
<testsuites name="Mocha Tests" time="8.2670" tests="27" failures="0">
  <testsuite name="Root Suite" timestamp="2021-04-14T19:55:54" tests="0" time="0.0000" failures="0">
  </testsuite>
  <testsuite name="Bloomin Town" timestamp="2021-04-14T19:55:54" tests="0" file="C:\Users\hale9\Documents\GitHub\JollyPacks\test\bloomin_town.spec.js" time="0.0000" failures="0">
  </testsuite>
  <testsuite name="installed datapacks advancements" timestamp="2021-04-14T19:55:54" tests="3" file="C:\Users\hale9\Documents\GitHub\JollyPacks\test\bloomin_town.spec.js" time="0.0020" failures="0">
    <testcase name="Bloomin Town installed datapacks advancements should have root" time="0.0020" classname="should have root">
    </testcase>
    <testcase name="Bloomin Town installed datapacks advancements should have jolly_packs" time="0.0000" classname="should have jolly_packs">
    </testcase>
    <testcase name="Bloomin Town installed datapacks advancements should have bloomin_town" time="0.0000" classname="should have bloomin_town">
    </testcase>
  </testsuite>
  <testsuite name="recipes tests" timestamp="2021-04-14T19:55:54" tests="3" file="C:\Users\hale9\Documents\GitHub\JollyPacks\test\bloomin_town.spec.js" time="0.0060" failures="0">
    <testcase name="Bloomin Town recipes tests should have root for recipes" time="0.0010" classname="should have root for recipes">
    </testcase>
    <testcase name="Bloomin Town recipes tests should have recipe for bloomin_town:rabbit_pen" time="0.0010" classname="should have recipe for bloomin_town:rabbit_pen">
    </testcase>
    <testcase name="Bloomin Town recipes tests should have building function for bloomin_town:rabbit_pen" time="0.0040" classname="should have building function for bloomin_town:rabbit_pen">
    </testcase>
  </testsuite>
  <testsuite name="game tests" timestamp="2021-04-14T19:55:54" tests="2" file="C:\Users\hale9\Documents\GitHub\JollyPacks\test\bloomin_town.spec.js" time="8.2490" failures="0">
    <testcase name="Bloomin Town game tests should be able to spawn NiT wagon" time="7.0460" classname="should be able to spawn NiT wagon">
    </testcase>
    <testcase name="Bloomin Town game tests should be able to build rabbit pen" time="1.2030" classname="should be able to build rabbit pen">
    </testcase>
  </testsuite>
  <testsuite name="Ore Exchange" timestamp="2021-04-14T19:56:42" tests="0" file="C:\Users\hale9\Documents\GitHub\JollyPacks\test\ore_exchange.spec.js" time="0.0000" failures="0">
  </testsuite>
  <testsuite name="installed datapacks advancements" timestamp="2021-04-14T19:56:42" tests="3" file="C:\Users\hale9\Documents\GitHub\JollyPacks\test\ore_exchange.spec.js" time="0.0030" failures="0">
    <testcase name="Ore Exchange installed datapacks advancements should have root" time="0.0020" classname="should have root">
    </testcase>
    <testcase name="Ore Exchange installed datapacks advancements should have jolly_packs" time="0.0010" classname="should have jolly_packs">
    </testcase>
    <testcase name="Ore Exchange installed datapacks advancements should have ore_exchange" time="0.0000" classname="should have ore_exchange">
    </testcase>
  </testsuite>
  <testsuite name="crafting recipes" timestamp="2021-04-14T19:56:42" tests="16" file="C:\Users\hale9\Documents\GitHub\JollyPacks\test\ore_exchange.spec.js" time="0.0070" failures="0">
    <testcase name="Ore Exchange crafting recipes should include stone coal ore" time="0.0010" classname="should include stone coal ore">
    </testcase>
    <testcase name="Ore Exchange crafting recipes should include deepslate coal ore" time="0.0000" classname="should include deepslate coal ore">
    </testcase>
    <testcase name="Ore Exchange crafting recipes should include stone copper ore" time="0.0000" classname="should include stone copper ore">
    </testcase>
    <testcase name="Ore Exchange crafting recipes should include deepslate copper ore" time="0.0010" classname="should include deepslate copper ore">
    </testcase>
    <testcase name="Ore Exchange crafting recipes should include stone diamond ore" time="0.0010" classname="should include stone diamond ore">
    </testcase>
    <testcase name="Ore Exchange crafting recipes should include deepslate diamond ore" time="0.0000" classname="should include deepslate diamond ore">
    </testcase>
    <testcase name="Ore Exchange crafting recipes should include stone emerald ore" time="0.0000" classname="should include stone emerald ore">
    </testcase>
    <testcase name="Ore Exchange crafting recipes should include deepslate emerald ore" time="0.0000" classname="should include deepslate emerald ore">
    </testcase>
    <testcase name="Ore Exchange crafting recipes should include stone gold ore" time="0.0010" classname="should include stone gold ore">
    </testcase>
    <testcase name="Ore Exchange crafting recipes should include deepslate gold ore" time="0.0010" classname="should include deepslate gold ore">
    </testcase>
    <testcase name="Ore Exchange crafting recipes should include stone iron ore" time="0.0010" classname="should include stone iron ore">
    </testcase>
    <testcase name="Ore Exchange crafting recipes should include deepslate iron ore" time="0.0000" classname="should include deepslate iron ore">
    </testcase>
    <testcase name="Ore Exchange crafting recipes should include stone lapis ore" time="0.0000" classname="should include stone lapis ore">
    </testcase>
    <testcase name="Ore Exchange crafting recipes should include deepslate lapis ore" time="0.0010" classname="should include deepslate lapis ore">
    </testcase>
    <testcase name="Ore Exchange crafting recipes should include stone redstone ore" time="0.0000" classname="should include stone redstone ore">
    </testcase>
    <testcase name="Ore Exchange crafting recipes should include deepslate redstone ore" time="0.0000" classname="should include deepslate redstone ore">
    </testcase>
  </testsuite>
</testsuites>